// Jest Snapshot v1, https://goo.gl/fbAQLP

exports[`Snapshot for CalendarSidebarComp Component 1`] = `
<Connect(CalendarSidebarComp)
  asyncDeleteGroup={[MockFunction]}
  asyncEditGroup={[MockFunction]}
  asyncFetchGroups={[MockFunction]}
  asyncPostGroup={[MockFunction]}
  auth={Object {}}
  groups={
    Array [
      Object {
        "__v": 0,
        "_creator": "5c373f59d64892352c703255",
        "_id": "5c373f59d64892352c703256",
        "_isDeleted": false,
        "_isOnCalendar": true,
        "_isPermanent": true,
        "_rank": 0,
        "hex_color": "#4286f4",
        "title": "Tasks",
      },
      Object {
        "__v": 0,
        "_creator": "5c373f59d64892352c703255",
        "_id": "5c3742106f0de60df8c62f82",
        "_isDeleted": false,
        "_isOnCalendar": true,
        "_isPermanent": false,
        "_rank": 3,
        "hex_color": "#f7ca18",
        "title": "Todos",
      },
      Object {
        "__v": 0,
        "_creator": "5c373f59d64892352c703255",
        "_id": "5c38b60e5a84ae04e85e9d22",
        "_isDeleted": false,
        "_isOnCalendar": true,
        "_isPermanent": false,
        "_rank": 5,
        "hex_color": "#2ecc71",
        "title": "x",
      },
      Object {
        "__v": 0,
        "_creator": "5c373f59d64892352c703255",
        "_id": "5c3fb10855de832ac8e374b2",
        "_isDeleted": false,
        "_isOnCalendar": true,
        "_isPermanent": false,
        "_rank": 10,
        "hex_color": "#2ecc71",
        "title": "New",
      },
    ]
  }
  visible={true}
/>
`;
