// Jest Snapshot v1, https://goo.gl/fbAQLP

exports[`Snapshot for ResetPasswordPage Component 1`] = `
<Connect(ResetPasswordPage)
  handleAppMode={[MockFunction]}
/>
`;
